// Jest Snapshot v1, https://goo.gl/fbAQLP

exports[`<LaunchesPage /> should render component 1`] = `ReactWrapper {}`;
