// Jest Snapshot v1, https://goo.gl/fbAQLP

exports[`<LaunchCard /> should render component 1`] = `ReactWrapper {}`;
